// Jest Snapshot v1, https://goo.gl/fbAQLP

exports[`Hours should render a red rectangle, three gray rectangles, a red rectangle and three gray rectangles 1`] = `
<div
  class="flex flex-row justify-center items-center"
>
  <div
    class="w3 h3 ba pa2 bg-red"
  />
  <div
    class="w3 h3 ba pa2 bg-dark-gray"
  />
  <div
    class="w3 h3 ba pa2 bg-dark-gray"
  />
  <div
    class="w3 h3 ba pa2 bg-dark-gray"
  />
</div>
`;
